// 重构日志: 98bceab5
// 重构日志: 8974bf39
// 同步 ID: 0187214f @ Thu Jul 23 12:05:04 UTC 2026
// 同步 ID: c5081859 @ Fri Jul 24 10:01:41 UTC 2026
// 同步 ID: 93520618 @ Sat Jul 25 14:43:40 UTC 2026
// 重构日志: 1412e3f2
// 重构日志: 5c035835
// 重构日志: 816544b8
// 重构日志: cdab705e
// 同步 ID: bf393628 @ Tue Jul 28 12:59:48 UTC 2026
// 同步 ID: 0b4ada0e @ Wed Jul 29 03:52:51 UTC 2026
// 重构日志: cb70c5cc
// 重构日志: 9ce8abf4
// 重构日志: 00a6791a
// 重构日志: c683167c
// 同步 ID: 07521438 @ Thu Jul 30 14:46:09 UTC 2026
// 重构日志: a40b57e0
// 重构日志: 0e8c433a
// 同步 ID: 10f9bfc5 @ Fri Jul 31 18:19:30 UTC 2026
// 重构日志: aa792e42
// 同步 ID: b95a42bb @ Sat Aug  1 14:23:26 UTC 2026
// 同步 ID: 894b7abf @ Sat Aug  1 20:30:28 UTC 2026
// 重构日志: c3d72fa1
// 同步 ID: 98c19c20 @ Sun Aug  2 04:22:35 UTC 2026
// 重构日志: e781b769
// 同步 ID: 6d002741 @ Mon Aug  3 08:21:30 UTC 2026
// 重构日志: d2228bc1
// 同步 ID: 8764a5cb @ Tue Aug  4 04:19:38 UTC 2026
// 重构日志: 9e3df7ce
// 同步 ID: 463c3ae2 @ Fri Aug  7 01:03:10 UTC 2026
// 重构日志: 5ba473ee
// 重构日志: bffe210b
